tests/test_batch_entity_resolution_830_g3.py:106: error: No overload variant of "int" matches argument type "object"  [call-overload]
tests/test_batch_entity_resolution_830_g3.py:106: note: Possible overload variants:
tests/test_batch_entity_resolution_830_g3.py:106: note:     def int(str | Buffer | SupportsInt | SupportsIndex | SupportsTrunc = ..., /) -> int
tests/test_batch_entity_resolution_830_g3.py:106: note:     def int(str | bytes | bytearray, /, base: SupportsIndex) -> int
tests/test_batch_entity_resolution_830_g3.py:141: error: Returning Any from function declared to return "CorpusEntryV1"  [no-any-return]
tests/test_batch_entity_resolution_830_g3.py:155: error: Returning Any from function declared to return "BatchCorpusV1"  [no-any-return]
tests/test_batch_entity_resolution_830_g3.py:181: error: Argument "role" to "ModelIdentity" has incompatible type "str"; expected "Literal['classify', 'extract', 'gap', 'verify', 'consensus']"  [arg-type]
tests/test_batch_entity_resolution_830_g3.py:292: error: Argument "purpose" to "ProposalEvidenceV1" has incompatible type "str"; expected "Literal['issuer', 'product_code', 'name', 'version', 'classification', 'material_role', 'field']"  [arg-type]
tests/test_batch_entity_resolution_830_g3.py:389: error: Argument "issuer" to "EntityProposalV1" has incompatible type "object"; expected "str | None"  [arg-type]
tests/test_batch_entity_resolution_830_g3.py:390: error: Argument "name" to "EntityProposalV1" has incompatible type "object"; expected "str | None"  [arg-type]
tests/test_batch_entity_resolution_830_g3.py:391: error: Argument "product_code" to "EntityProposalV1" has incompatible type "object"; expected "str | None"  [arg-type]
tests/test_batch_entity_resolution_830_g3.py:392: error: Argument "version_label" to "EntityProposalV1" has incompatible type "object"; expected "str | None"  [arg-type]
tests/test_batch_entity_resolution_830_g3.py:396: error: Argument "value" to "VersionAnchorV1" has incompatible type "object"; expected "str"  [arg-type]
tests/test_batch_entity_resolution_830_g3.py:408: error: Argument "valid_from" to "EntityProposalV1" has incompatible type "object"; expected "str | None"  [arg-type]
tests/test_batch_entity_resolution_830_g3.py:409: error: Argument "valid_through" to "EntityProposalV1" has incompatible type "object"; expected "str | None"  [arg-type]
tests/test_batch_entity_resolution_830_g3.py:421: error: Returning Any from function declared to return "MaterialProposalV1"  [no-any-return]
tests/test_batch_entity_resolution_830_g3.py:434: error: Returning Any from function declared to return "ProposalBatchV1"  [no-any-return]
tests/test_batch_entity_resolution_830_g3.py:446: error: Returning Any from function declared to return "ExistingEntitySnapshotV1"  [no-any-return]
tests/test_batch_entity_resolution_830_g3.py:478: error: Returning Any from function declared to return "BatchResolutionPolicyV1"  [no-any-return]
tests/test_batch_entity_resolution_830_g3.py:512: error: Returning Any from function declared to return "BatchResolutionPolicyV1"  [no-any-return]
tests/test_batch_entity_resolution_830_g3.py:535: error: Returning Any from function declared to return "BatchResolutionPolicyV1"  [no-any-return]
tests/test_batch_entity_resolution_830_g3.py:1262: error: Argument 1 to "ExistingEntityV1" has incompatible type "**dict[str, tuple[str] | tuple[()] | str | None]"; expected "str"  [arg-type]
tests/test_batch_entity_resolution_830_g3.py:1262: error: Argument 1 to "ExistingEntityV1" has incompatible type "**dict[str, tuple[str] | tuple[()] | str | None]"; expected "str | None"  [arg-type]
tests/test_batch_entity_resolution_830_g3.py:1262: error: Argument 1 to "ExistingEntityV1" has incompatible type "**dict[str, tuple[str] | tuple[()] | str | None]"; expected "tuple[ApprovedAliasV1, ...]"  [arg-type]
tests/test_batch_entity_resolution_830_g3.py:1262: error: Argument 1 to "ExistingEntityV1" has incompatible type "**dict[str, tuple[str] | tuple[()] | str | None]"; expected "tuple[str, ...]"  [arg-type]
tests/test_batch_entity_resolution_830_g3.py:1268: error: Argument 1 to "ExistingEntityV1" has incompatible type "**dict[str, tuple[str] | tuple[()] | str | None]"; expected "str"  [arg-type]
tests/test_batch_entity_resolution_830_g3.py:1268: error: Argument 1 to "ExistingEntityV1" has incompatible type "**dict[str, tuple[str] | tuple[()] | str | None]"; expected "str | None"  [arg-type]
tests/test_batch_entity_resolution_830_g3.py:1268: error: Argument 1 to "ExistingEntityV1" has incompatible type "**dict[str, tuple[str] | tuple[()] | str | None]"; expected "tuple[ApprovedAliasV1, ...]"  [arg-type]
tests/test_batch_entity_resolution_830_g3.py:1268: error: Argument 1 to "ExistingEntityV1" has incompatible type "**dict[str, tuple[str] | tuple[()] | str | None]"; expected "tuple[str, ...]"  [arg-type]
tests/test_batch_entity_resolution_830_g3.py:1486: error: Argument 1 to "resolve_batch" has incompatible type "**dict[str, BaseModel]"; expected "SchemaPackCatalogV1"  [arg-type]
tests/test_batch_entity_resolution_830_g3.py:1486: error: Argument 1 to "resolve_batch" has incompatible type "**dict[str, BaseModel]"; expected "BatchCorpusV1"  [arg-type]
tests/test_batch_entity_resolution_830_g3.py:1486: error: Argument 1 to "resolve_batch" has incompatible type "**dict[str, BaseModel]"; expected "ProposalBatchV1"  [arg-type]
tests/test_batch_entity_resolution_830_g3.py:1486: error: Argument 1 to "resolve_batch" has incompatible type "**dict[str, BaseModel]"; expected "ExistingEntitySnapshotV1"  [arg-type]
tests/test_batch_entity_resolution_830_g3.py:1486: error: Argument 1 to "resolve_batch" has incompatible type "**dict[str, BaseModel]"; expected "BatchResolutionPolicyV1"  [arg-type]
tests/test_batch_entity_resolution_830_g3.py:1491: error: Argument "confidence" to "LabelProposalV1" has incompatible type "float"; expected "str"  [arg-type]
tests/test_batch_entity_resolution_830_g3.py:1774: error: Argument 3 to "_model_binding" has incompatible type "**dict[str, str]"; expected "bool"  [arg-type]
Found 33 errors in 1 file (checked 2 source files)
