F                                                                        [100%]
=================================== FAILURES ===================================
________ test_validate_batch_rejects_downgrading_qualified_multi_parent ________

catalog = SchemaPackCatalogV1(contract='schema-pack-catalog.830.g3.v1', catalog_id='schema_catalog_insurance_product', catalog_v...4, field_name_intersection_count=47, catalog_sha256='b4b8cd9c797442c3581c8721834abb3f6ec716057509dad4ac254f79fc0a97bd')

    def test_validate_batch_rejects_downgrading_qualified_multi_parent(
        catalog: SchemaPackCatalogV1,
    ) -> None:
        wire = _multi_wire_with_identity_sets(catalog)
        parent = wire["decisions"][0]
        parent["disposition"] = "NEEDS_CONFIRM"
        parent["reason_codes"] = [
            reason for reason in parent["reason_codes"] if reason != "MULTI_ENTITY_REVIEW"
        ]
        wire["disposition_counts"]["MULTI"] = 0
        wire["disposition_counts"]["NEEDS_CONFIRM"] = 1
>       with pytest.raises(g.BatchEntityResolutionError) as error:
             ^^^^^^^^^^^^^^^^^^^^^^^^^^^^^^^^^^^^^^^^^^^
E       Failed: DID NOT RAISE BatchEntityResolutionError

harness/tests/test_batch_entity_resolution_830_g3.py:2112: Failed
=========================== short test summary info ============================
FAILED harness/tests/test_batch_entity_resolution_830_g3.py::test_validate_batch_rejects_downgrading_qualified_multi_parent
1 failed in 1.30s
