F                                                                        [100%]
=================================== FAILURES ===================================
____________ test_builder_accepts_all_blocks_from_selected_material ____________

    def test_builder_accepts_all_blocks_from_selected_material() -> None:
        module = importlib.import_module(
            "insurance_harness.knowledge_compiler.batch_concept_compile_830_g3"
        )
        (
            request,
            expanded_base,
            expanded_corpus,
            expanded_proposals,
            expanded_resolution,
            field_block,
            refs,
        ) = _expanded_selected_material_inputs(module)
        inputs_payload = {
            "contract": "batch-resolution-inputs.830.g3.v1",
            "corpus": expanded_corpus,
            "proposals": expanded_proposals,
            "existing_entities": request.resolution_inputs.existing_entities,
            "policy": request.resolution_inputs.policy,
        }
        expanded_inputs = module.BatchResolutionInputs830G3V1.model_validate(
            {
                **inputs_payload,
                "inputs_sha256": module._batch_sha256(
                    "batch-resolution-inputs.830.g3.v1", inputs_payload
                ),
            }
        )
        expanded_bindings = module._build_entity_bindings(
            catalog=request.catalog,
            proposals=expanded_proposals,
            resolution=expanded_resolution,
            selected_decision_refs=refs,
        )
        proper_full_request = request.model_copy(
            update={
                "base_request": expanded_base,
                "resolution_inputs": expanded_inputs,
                "resolution": expanded_resolution,
                "entity_bindings": expanded_bindings,
            }
        )
>       module._validate_request_closure(proper_full_request)

harness/tests/test_batch_concept_compile_830_g3.py:539: 
_ _ _ _ _ _ _ _ _ _ _ _ _ _ _ _ _ _ _ _ _ _ _ _ _ _ _ _ _ _ _ _ _ _ _ _ _ _ _ _ 

request = BatchConceptCompileRequest830G3V1(contract='batch-concept-compile-request.830.g3.v1', base_request=CompileRequest(cont..._lane='ISOLATED_NOT_FOR_PRODUCTION', request_sha256='bd2354b1a3db98e9ce69704a0f6a6f1a6e261ec84dc4a7e63b1cd70732cd993a')

    def _validate_request_closure(request: BatchConceptCompileRequest830G3V1) -> None:
        base = request.base_request
        inputs = request.resolution_inputs
        resolution = request.resolution
        if (
            request.catalog_wire_sha256 != _catalog_wire_sha256(request.catalog)
            or resolution.catalog_sha256 != request.catalog.catalog_sha256
            or resolution.space_id != base.space_id
            or (
                inputs.corpus.corpus_sha256,
                inputs.proposals.proposals_sha256,
                inputs.existing_entities.snapshot_sha256,
                inputs.policy.policy_sha256,
            )
            != (
                resolution.corpus_sha256,
                resolution.proposals_sha256,
                resolution.existing_snapshot_sha256,
                resolution.policy_sha256,
            )
        ):
            raise BatchConceptCompileError("RESOLUTION_INPUT_BINDING_MISMATCH")
        scope = (base.tenant_id, base.space_id, base.raw_kb_id, base.wiki_kb_id)
        if scope != (
            inputs.corpus.tenant_id,
            inputs.corpus.space_id,
            inputs.corpus.raw_kb_id,
            inputs.corpus.wiki_kb_id,
        ) or scope != (
            inputs.existing_entities.tenant_id,
            inputs.existing_entities.space_id,
            inputs.existing_entities.raw_kb_id,
            inputs.existing_entities.wiki_kb_id,
        ):
            raise BatchConceptCompileError("SCOPE_MISMATCH")
        if (
            inputs.existing_entities.base_release_id != base.base_release_id
            or inputs.existing_entities.base_activation_epoch != base.base_activation_epoch
            or resolve_batch(
                catalog=request.catalog,
                corpus=inputs.corpus,
                proposals=inputs.proposals,
                existing_entities=inputs.existing_entities,
                policy=inputs.policy,
            )
            != resolution
        ):
            raise BatchConceptCompileError("RESOLUTION_REPLAY_MISMATCH")
        _validate_confirmation(request)
        bindings = request.entity_bindings
        ids = tuple(item.entity_id for item in bindings)
        if ids != tuple(sorted(set(ids))) or set(ids) != set(base.required_fields):
            raise BatchConceptCompileError("ENTITY_BINDING_COVERAGE_MISMATCH")
        if set(ids) != set(base.entity_versions):
            raise BatchConceptCompileError("ENTITY_BINDING_COVERAGE_MISMATCH")
        if base.schema_identity != (
            f"catalog:{request.catalog.catalog_id}@{request.catalog.catalog_version}#"
            f"{request.catalog.catalog_sha256}"
        ) or base.profile_identity != _profile_set_identity(bindings):
            raise BatchConceptCompileError("SCHEMA_PROFILE_IDENTITY_MISMATCH")
        if base.policy_identity != "g3-resolution-policy:" + resolution.policy_sha256:
            raise BatchConceptCompileError("POLICY_IDENTITY_MISMATCH")
        decision_index = _decision_index(resolution)
        proposal_index = {item.material_id: item for item in inputs.proposals.proposals}
        corpus_index = {item.material_id: item for item in inputs.corpus.entries}
        corpus_sources: dict[tuple[str, str], SourceBlock] = {}
        for corpus_row in inputs.corpus.entries:
            for block in corpus_row.blocks:
                key = (block.revision_id, block.block_id)
                previous = corpus_sources.get(key)
                if previous is not None and previous != block:
                    raise BatchConceptCompileError("SOURCE_CLOSURE_MISMATCH")
                corpus_sources[key] = block
        base_sources = {
            (block.revision_id, block.block_id): block for block in base.sources
        }
        if any(
            base_sources[key] != block
            for key, block in corpus_sources.items()
            if key in base_sources
        ):
            raise BatchConceptCompileError("SOURCE_CLOSURE_MISMATCH")
        base_entities = set(base.existing_entity_versions)
        matched_base: set[str] = set()
        for binding in bindings:
            entry = _catalog_entry(request, binding)
            expected_profile = entry.profile
            if (
                binding.entity_version != base.entity_versions[binding.entity_id]
                or binding.required_fields != tuple(base.required_fields[binding.entity_id])
                or binding.required_fields != expected_profile.ordered_field_keys
                or (
                    binding.profile_id,
                    binding.profile_version,
                    binding.profile_sha256,
                )
                != (
                    expected_profile.profile_id,
                    expected_profile.profile_version,
                    expected_profile.profile_sha256,
                )
                or entry.pack.applicable_classifications != (binding.primary_classification,)
            ):
                raise BatchConceptCompileError("SCHEMA_PROFILE_BINDING_MISMATCH")
            refs = {(item.material_id, item.proposal_ref): item for item in binding.resolution_refs}
            evidence_ids = {item.evidence_id for item in binding.resolution_evidence}
            if set(binding.source_material_ids) != {key[0] for key in refs}:
                raise BatchConceptCompileError("RESOLUTION_REFERENCE_INVALID")
            bound_by_ref: dict[tuple[str, str], set[str]] = {
                key: set() for key in refs
            }
            for bound in binding.resolution_evidence:
                key = (bound.material_id, bound.proposal_ref)
                found = decision_index.get(key)
                if (
                    key not in refs
                    or found is None
                    or bound.evidence_id not in found[1].evidence_ids
                ):
                    raise BatchConceptCompileError("RESOLUTION_EVIDENCE_MISSING")
                bound_by_ref[key].add(bound.evidence_id)
            for key, ref in refs.items():
                found = decision_index.get(key)
                if found is None:
                    raise BatchConceptCompileError("RESOLUTION_REFERENCE_INVALID")
                parent, child = found
                if (
                    parent.disposition not in ("MATCH", "CREATE", "MULTI")
                    or child.disposition != binding.resolution_disposition
                    or child.decision_sha256 != ref.decision_sha256
                    or child.classification.assignment_sha256
                    != ref.classification_assignment_sha256
                    or child.classification.primary_label != binding.primary_classification
                    or child.classification.schema_pack_id != binding.schema_pack_id
                    or child.classification.schema_version != binding.schema_version
                    or child.classification.schema_pack_sha256 != binding.schema_pack_sha256
                ):
                    raise BatchConceptCompileError("RESOLUTION_REFERENCE_INVALID")
                anchors = child.anchors
                if (
                    anchors.issuer is None
                    or anchors.name is None
                    or anchors.product_code is None
                    or anchors.version_label is None
                    or anchors.version_anchor is None
                    or (
                        binding.display_name,
                        binding.issuer,
                        binding.product_code,
                        binding.version_label,
                        binding.version_anchor,
                    )
                    != (
                        anchors.name.observed_value,
                        anchors.issuer.observed_value,
                        anchors.product_code.observed_value,
                        anchors.version_label.observed_value,
                        anchors.version_anchor,
                    )
                ):
                    raise BatchConceptCompileError("RESOLUTION_REFERENCE_INVALID")
                expected_entity_key = _batch_sha256(
                    "entity-candidate-key.830.g3.v1",
                    {
                        "space_id": resolution.space_id,
                        "product_code": anchors.product_code.normalized_value,
                    },
                )
                expected_version_key = _batch_sha256(
                    "entity-version-candidate-key.830.g3.v1",
                    {
                        "entity_key_sha256": expected_entity_key,
                        "version_label": anchors.version_label.normalized_value,
                        "version_anchor": {
                            "kind": anchors.version_anchor.kind,
                            "value": anchors.version_anchor.normalized_value,
                        },
                    },
                )
                if (
                    binding.entity_key_sha256 != expected_entity_key
                    or binding.version_candidate_key_sha256 != expected_version_key
                    or bound_by_ref[key] != set(child.evidence_ids)
                ):
                    raise BatchConceptCompileError("RESOLUTION_REFERENCE_INVALID")
                required_identity_evidence = {
                    *child.multi_identity_name_evidence_ids,
                    *child.multi_identity_code_evidence_ids,
                }
                if not required_identity_evidence.issubset(evidence_ids):
                    raise BatchConceptCompileError("RESOLUTION_EVIDENCE_MISSING")
            for bound in binding.resolution_evidence:
                proposal = proposal_index.get(bound.material_id)
                corpus_entry = corpus_index.get(bound.material_id)
                if proposal is None or corpus_entry is None:
                    raise BatchConceptCompileError("RESOLUTION_EVIDENCE_MISSING")
                matches = [item for item in proposal.evidence if item.evidence_id == bound.evidence_id]
                if (
                    len(matches) != 1
                    or matches[0].entity_proposal_ref != bound.proposal_ref
                    or matches[0].purpose != bound.purpose
                    or matches[0].evidence != bound.evidence
                ):
                    raise BatchConceptCompileError("RESOLUTION_EVIDENCE_MISSING")
                verify_evidence(bound.evidence, corpus_entry.blocks)
                source_key = (bound.evidence.revision_id, bound.evidence.block_id)
                if (
                    source_key not in corpus_sources
                    or source_key not in base_sources
                    or base_sources[source_key] != corpus_sources[source_key]
                ):
                    raise BatchConceptCompileError("SOURCE_CLOSURE_MISMATCH")
            if binding.resolution_disposition == "MATCH":
                children = [decision_index[key][1] for key in refs]
                if any(
                    (child.matched_entity_id, child.matched_entity_version)
                    != (binding.entity_id, binding.entity_version)
                    for child in children
                ):
                    raise BatchConceptCompileError("BASE_ENTITY_MATCH_REQUIRED")
                if binding.entity_id in base_entities:
                    matched_base.add(binding.entity_id)
                    if (
                        binding.primary_classification,
                        binding.schema_pack_id,
                        binding.schema_version,
                        binding.schema_pack_sha256,
                        binding.profile_id,
                        binding.profile_version,
                        binding.profile_sha256,
                    ) != _MEDICAL_PACK:
                        raise BatchConceptCompileError("BASE_PACK_MIGRATION_REQUIRED")
            else:
                children = [decision_index[key][1] for key in refs]
                candidate = children[0].entity_candidate if children else None
                if (
                    candidate is None
                    or any(child.entity_candidate != candidate for child in children)
                    or binding.entity_id != "entity_" + candidate.entity_key_sha256
                    or binding.entity_version
                    != "entity_"
                    + candidate.entity_key_sha256
                    + "@"
                    + candidate.version_candidate_key_sha256
                    or binding.candidate_id != candidate.candidate_id
                    or binding.entity_candidate_sha256 != candidate.candidate_sha256
                    or binding.entity_key_sha256 != candidate.entity_key_sha256
                    or binding.version_candidate_key_sha256
                    != candidate.version_candidate_key_sha256
                ):
                    raise BatchConceptCompileError("CREATE_IDENTITY_MISMATCH")
        if matched_base != base_entities:
            raise BatchConceptCompileError("BASE_ENTITY_MATCH_REQUIRED")
        source_keys = {(item.revision_id, item.block_id) for item in base.sources}
        existing_members: tuple[ConceptDefinition | FieldAssertion | FreeWikiPage, ...] = (
            *base.existing_definitions,
            *base.existing_fields,
            *base.existing_pages,
        )
        required_source_keys = {
            (evidence.revision_id, evidence.block_id)
            for member in existing_members
            for evidence in member.evidence
        }
        required_source_keys.update(
            (item.evidence.revision_id, item.evidence.block_id)
            for binding in bindings
            for item in binding.resolution_evidence
        )
        if source_keys != required_source_keys:
>           raise BatchConceptCompileError("SOURCE_CLOSURE_MISMATCH")
E           insurance_harness.knowledge_compiler.batch_concept_compile_830_g3.BatchConceptCompileError: SOURCE_CLOSURE_MISMATCH

harness/src/insurance_harness/knowledge_compiler/batch_concept_compile_830_g3.py:808: BatchConceptCompileError
=========================== short test summary info ============================
FAILED harness/tests/test_batch_concept_compile_830_g3.py::test_builder_accepts_all_blocks_from_selected_material
1 failed in 13.85s
