F                                                                        [100%]
=================================== FAILURES ===================================
____________ test_builder_accepts_all_blocks_from_selected_material ____________

    def test_builder_accepts_all_blocks_from_selected_material() -> None:
        module = importlib.import_module(
            "insurance_harness.knowledge_compiler.batch_concept_compile_830_g3"
        )
        (
            request,
            expanded_base,
            expanded_corpus,
            expanded_proposals,
            expanded_resolution,
            field_block,
            refs,
>       ) = _expanded_selected_material_inputs(module)
            ^^^^^^^^^^^^^^^^^^^^^^^^^^^^^^^^^^^^^^^^^^

harness/tests/test_batch_concept_compile_830_g3.py:509: 
_ _ _ _ _ _ _ _ _ _ _ _ _ _ _ _ _ _ _ _ _ _ _ _ _ _ _ _ _ _ _ _ _ _ _ _ _ _ _ _ 
harness/tests/test_batch_concept_compile_830_g3.py:136: in _expanded_selected_material_inputs
    proposals_payload["proposals_sha256"] = resolution_api._batch_sha256(
harness/src/insurance_harness/knowledge_compiler/batch_entity_resolution_830_g3.py:199: in _batch_sha256
    return _canonical_batch_sha256(object_type, payload)
           ^^^^^^^^^^^^^^^^^^^^^^^^^^^^^^^^^^^^^^^^^^^^^
harness/src/insurance_harness/knowledge_compiler/batch_canonical_830_g3.py:27: in batch_sha256_830_g3
    return hashlib.sha256(batch_canonical_bytes_830_g3(object_type, payload)).hexdigest()
                          ^^^^^^^^^^^^^^^^^^^^^^^^^^^^^^^^^^^^^^^^^^^^^^^^^^
harness/src/insurance_harness/knowledge_compiler/batch_canonical_830_g3.py:21: in batch_canonical_bytes_830_g3
    return concept_canonical_bytes(object_type, payload)
           ^^^^^^^^^^^^^^^^^^^^^^^^^^^^^^^^^^^^^^^^^^^^^
harness/src/insurance_harness/knowledge_compiler/concept_free_wiki_830_g2.py:100: in concept_canonical_bytes
    _concept_json_tree(payload),
    ^^^^^^^^^^^^^^^^^^^^^^^^^^^
harness/src/insurance_harness/knowledge_compiler/concept_free_wiki_830_g2.py:89: in _concept_json_tree
    tree[key] = _concept_json_tree(item)
                ^^^^^^^^^^^^^^^^^^^^^^^^
harness/src/insurance_harness/knowledge_compiler/concept_free_wiki_830_g2.py:83: in _concept_json_tree
    return [_concept_json_tree(item) for item in value]
            ^^^^^^^^^^^^^^^^^^^^^^^^
harness/src/insurance_harness/knowledge_compiler/concept_free_wiki_830_g2.py:66: in _concept_json_tree
    return _concept_json_tree(
harness/src/insurance_harness/knowledge_compiler/concept_free_wiki_830_g2.py:89: in _concept_json_tree
    tree[key] = _concept_json_tree(item)
                ^^^^^^^^^^^^^^^^^^^^^^^^
harness/src/insurance_harness/knowledge_compiler/concept_free_wiki_830_g2.py:89: in _concept_json_tree
    tree[key] = _concept_json_tree(item)
                ^^^^^^^^^^^^^^^^^^^^^^^^
harness/src/insurance_harness/knowledge_compiler/concept_free_wiki_830_g2.py:89: in _concept_json_tree
    tree[key] = _concept_json_tree(item)
                ^^^^^^^^^^^^^^^^^^^^^^^^
_ _ _ _ _ _ _ _ _ _ _ _ _ _ _ _ _ _ _ _ _ _ _ _ _ _ _ _ _ _ _ _ _ _ _ _ _ _ _ _ 

value = datetime.datetime(2026, 9, 7, 1, 0, tzinfo=datetime.timezone.utc)

    def _concept_json_tree(value: object) -> object:
        if isinstance(value, BaseModel):
            return _concept_json_tree(
                value.model_dump(
                    mode="python",
                    round_trip=True,
                    warnings=False,
                    exclude_computed_fields=True,
                )
            )
        if type(value) is str:
            if not _concept_text_is_canonical(value):
                raise ValueError("G2 concept text is not canonical NFC or contains a forbidden control")
            return value
        if value is None or type(value) in (int, bool):
            return value
        if type(value) is float:
            raise TypeError("binary floats are not canonical G2 concept values")
        if isinstance(value, tuple | list):
            return [_concept_json_tree(item) for item in value]
        if isinstance(value, Mapping):
            tree: dict[str, object] = {}
            for key, item in value.items():
                if type(key) is not str or not _concept_text_is_canonical(key, object_key=True):
                    raise ValueError("G2 concept object keys must be canonical control-free strings")
                tree[key] = _concept_json_tree(item)
            return tree
>       raise TypeError(f"unsupported canonical G2 concept type: {type(value).__name__}")
E       TypeError: unsupported canonical G2 concept type: datetime

harness/src/insurance_harness/knowledge_compiler/concept_free_wiki_830_g2.py:91: TypeError
=========================== short test summary info ============================
FAILED harness/tests/test_batch_concept_compile_830_g3.py::test_builder_accepts_all_blocks_from_selected_material
1 failed in 15.00s
