
 RUN  v4.1.10 /Users/houjing/Documents/LLM_wiki/insurancekb-weknora/.worktrees/830-g3-implementation/frontend

 ✓ src/api/schema-wiki/batchConcept830G3.spec.ts > G3 batch concept preparation parser > parses the exact frozen 354-member/342-field preparation and derives Profile navigation 677ms
 ✓ src/views/knowledge/schema-wiki/ConceptDirectory830G2.spec.ts > ConceptDirectory830G2 > renders pinned concept and entity links through the serving Wiki 250ms
stderr | src/views/knowledge/schema-wiki/SchemaWikiCatalogEntry830G2.spec.ts > SchemaWikiCatalogEntry830G2 > opens immutable DRAFT preparation without loading current or Active
[Vue warn]: Failed to resolve component: RouterLink
If this is a native custom element, make sure to exclude it from component resolution via compilerOptions.isCustomElement. 
  at <SchemaWikiCatalogEntry830G2 knowledgeBaseId="wiki-entry" ref="VTU_COMPONENT" > 
  at <VTUROOT>

stderr | src/views/knowledge/schema-wiki/SchemaWikiCatalogEntry830G2.spec.ts > SchemaWikiCatalogEntry830G2 > opens immutable DRAFT preparation without loading current or Active
[Vue warn]: Failed to resolve component: RouterLink
If this is a native custom element, make sure to exclude it from component resolution via compilerOptions.isCustomElement. 
  at <SchemaWikiCatalogEntry830G2 knowledgeBaseId="wiki-entry" ref="VTU_COMPONENT" > 
  at <VTUROOT>

stderr | src/views/knowledge/schema-wiki/SchemaWikiCatalogEntry830G2.spec.ts > SchemaWikiCatalogEntry830G2 > opens immutable READY preparation without loading current or Active
[Vue warn]: Failed to resolve component: RouterLink
If this is a native custom element, make sure to exclude it from component resolution via compilerOptions.isCustomElement. 
  at <SchemaWikiCatalogEntry830G2 knowledgeBaseId="wiki-entry" ref="VTU_COMPONENT" > 
  at <VTUROOT>

stderr | src/views/knowledge/schema-wiki/SchemaWikiCatalogEntry830G2.spec.ts > SchemaWikiCatalogEntry830G2 > opens immutable READY preparation without loading current or Active
[Vue warn]: Failed to resolve component: RouterLink
If this is a native custom element, make sure to exclude it from component resolution via compilerOptions.isCustomElement. 
  at <SchemaWikiCatalogEntry830G2 knowledgeBaseId="wiki-entry" ref="VTU_COMPONENT" > 
  at <VTUROOT>

stderr | src/views/knowledge/schema-wiki/SchemaWikiCatalogEntry830G2.spec.ts > SchemaWikiCatalogEntry830G2 > renders a complete Active G3 directory while preserving normal G2 fallback
[Vue warn]: Failed to resolve component: RouterLink
If this is a native custom element, make sure to exclude it from component resolution via compilerOptions.isCustomElement. 
  at <SchemaWikiCatalogEntry830G2 knowledgeBaseId="wiki-entry" ref="VTU_COMPONENT" > 
  at <VTUROOT>

stderr | src/views/knowledge/schema-wiki/SchemaWikiCatalogEntry830G2.spec.ts > SchemaWikiCatalogEntry830G2 > renders a complete Active G3 directory while preserving normal G2 fallback
[Vue warn]: Failed to resolve component: RouterLink
If this is a native custom element, make sure to exclude it from component resolution via compilerOptions.isCustomElement. 
  at <SchemaWikiCatalogEntry830G2 knowledgeBaseId="wiki-entry" ref="VTU_COMPONENT" > 
  at <VTUROOT>

stderr | src/views/knowledge/schema-wiki/SchemaWikiCatalogEntry830G2.spec.ts > SchemaWikiCatalogEntry830G2 > rejects ambiguous preparation query before any directory request
[Vue warn]: Failed to resolve component: RouterLink
If this is a native custom element, make sure to exclude it from component resolution via compilerOptions.isCustomElement. 
  at <SchemaWikiCatalogEntry830G2 knowledgeBaseId="wiki-entry" ref="VTU_COMPONENT" > 
  at <VTUROOT>

stderr | src/views/knowledge/schema-wiki/SchemaWikiCatalogEntry830G2.spec.ts > SchemaWikiCatalogEntry830G2 > uses the serving KB and renders only a complete G2 result
[Vue warn]: Failed to resolve component: RouterLink
If this is a native custom element, make sure to exclude it from component resolution via compilerOptions.isCustomElement. 
  at <SchemaWikiCatalogEntry830G2 knowledgeBaseId="wiki-entry" ref="VTU_COMPONENT" > 
  at <VTUROOT>

stderr | src/views/knowledge/schema-wiki/SchemaWikiCatalogEntry830G2.spec.ts > SchemaWikiCatalogEntry830G2 > uses the serving KB and renders only a complete G2 result
[Vue warn]: Failed to resolve component: RouterLink
If this is a native custom element, make sure to exclude it from component resolution via compilerOptions.isCustomElement. 
  at <SchemaWikiCatalogEntry830G2 knowledgeBaseId="wiki-entry" ref="VTU_COMPONENT" > 
  at <VTUROOT>

stderr | src/views/knowledge/schema-wiki/SchemaWikiCatalogEntry830G2.spec.ts > SchemaWikiCatalogEntry830G2 > routes frozen G1 overview and pure schema releases without treating errors as legacy
[Vue warn]: Failed to resolve component: RouterLink
If this is a native custom element, make sure to exclude it from component resolution via compilerOptions.isCustomElement. 
  at <SchemaWikiCatalogEntry830G2 knowledgeBaseId="wiki-entry" ref="VTU_COMPONENT" > 
  at <VTUROOT>

 ✓ src/views/knowledge/schema-wiki/SchemaWikiCatalogEntry830G2.spec.ts > SchemaWikiCatalogEntry830G2 > opens immutable DRAFT preparation without loading current or Active 137ms
 ✓ src/views/knowledge/schema-wiki/SchemaWikiCatalogEntry830G2.spec.ts > SchemaWikiCatalogEntry830G2 > opens immutable READY preparation without loading current or Active 53ms
 ✓ src/views/knowledge/schema-wiki/SchemaWikiCatalogEntry830G2.spec.ts > SchemaWikiCatalogEntry830G2 > renders a complete Active G3 directory while preserving normal G2 fallback 10ms
 ✓ src/views/knowledge/schema-wiki/SchemaWikiCatalogEntry830G2.spec.ts > SchemaWikiCatalogEntry830G2 > rejects ambiguous preparation query before any directory request 6ms
 ✓ src/views/knowledge/schema-wiki/SchemaWikiCatalogEntry830G2.spec.ts > SchemaWikiCatalogEntry830G2 > uses the serving KB and renders only a complete G2 result 9ms
stderr | src/views/knowledge/schema-wiki/SchemaWikiCatalogEntry830G2.spec.ts > SchemaWikiCatalogEntry830G2 > routes frozen G1 overview and pure schema releases without treating errors as legacy
[Vue warn]: Failed to resolve component: RouterLink
If this is a native custom element, make sure to exclude it from component resolution via compilerOptions.isCustomElement. 
  at <SchemaWikiCatalogEntry830G2 knowledgeBaseId="wiki-entry" ref="VTU_COMPONENT" > 
  at <VTUROOT>

stderr | src/views/knowledge/schema-wiki/SchemaWikiCatalogEntry830G2.spec.ts > SchemaWikiCatalogEntry830G2 > routes frozen G1 overview and pure schema releases without treating errors as legacy
[Vue warn]: Failed to resolve component: RouterLink
If this is a native custom element, make sure to exclude it from component resolution via compilerOptions.isCustomElement. 
  at <SchemaWikiCatalogEntry830G2 knowledgeBaseId="wiki-entry" ref="VTU_COMPONENT" > 
  at <VTUROOT>

stderr | src/views/knowledge/schema-wiki/SchemaWikiCatalogEntry830G2.spec.ts > SchemaWikiCatalogEntry830G2 > routes frozen G1 overview and pure schema releases without treating errors as legacy
[Vue warn]: Failed to resolve component: RouterLink
If this is a native custom element, make sure to exclude it from component resolution via compilerOptions.isCustomElement. 
  at <SchemaWikiCatalogEntry830G2 knowledgeBaseId="wiki-entry" ref="VTU_COMPONENT" > 
  at <VTUROOT>

stderr | src/views/knowledge/schema-wiki/SchemaWikiCatalogEntry830G2.spec.ts > SchemaWikiCatalogEntry830G2 > keeps the published G2 directory visible when the protected G3 catalog fails closed
[Vue warn]: Failed to resolve component: RouterLink
If this is a native custom element, make sure to exclude it from component resolution via compilerOptions.isCustomElement. 
  at <SchemaWikiCatalogEntry830G2 knowledgeBaseId="wiki-entry" ref="VTU_COMPONENT" > 
  at <VTUROOT>

stderr | src/views/knowledge/schema-wiki/SchemaWikiCatalogEntry830G2.spec.ts > SchemaWikiCatalogEntry830G2 > keeps the published G2 directory visible when the protected G3 catalog fails closed
[Vue warn]: Failed to resolve component: RouterLink
If this is a native custom element, make sure to exclude it from component resolution via compilerOptions.isCustomElement. 
  at <SchemaWikiCatalogEntry830G2 knowledgeBaseId="wiki-entry" ref="VTU_COMPONENT" > 
  at <VTUROOT>

 ✓ src/views/knowledge/schema-wiki/SchemaWikiCatalogEntry830G2.spec.ts > SchemaWikiCatalogEntry830G2 > routes frozen G1 overview and pure schema releases without treating errors as legacy 48ms
 ✓ src/views/knowledge/schema-wiki/SchemaWikiCatalogEntry830G2.spec.ts > SchemaWikiCatalogEntry830G2 > keeps the published G2 directory visible when the protected G3 catalog fails closed 11ms
 ✓ src/api/schema-wiki/batchConcept830G3.spec.ts > G3 batch concept preparation parser > rejects omitted, null, extra, non-NFC, duplicate and fully rehashed topology drift 3822ms
 ✓ src/views/knowledge/schema-wiki/ConceptDirectory830G2.spec.ts > ConceptDirectory830G2 > renders G3 products by classification and formal name with Profile order and bounded lineage links 1236ms
 ✓ src/views/knowledge/schema-wiki/ConceptFreeWiki830G2.spec.ts > G2 shared concept page > shows the shared definition and entity-specific tri-state fields with pinned links 89ms
 ✓ src/views/knowledge/schema-wiki/ConceptFreeWiki830G2.spec.ts > G2 shared concept page > opens the G2 source viewer using the release that supplied the page 33ms
 ✓ src/views/knowledge/schema-wiki/ConceptFreeWiki830G2.spec.ts > G2 shared concept page > does not show stale content after a failed fixed-release read 4ms
 ✓ src/views/knowledge/schema-wiki/ConceptFreeWiki830G2.spec.ts > G2 source preview under slow source verification > allows a verified source taking 35 seconds while preserving binary response handling 22ms
 ✓ src/views/knowledge/schema-wiki/ConceptFreeWiki830G2.spec.ts > G3 batch concept page modes > renders preparation evidence locally and never requests an Active token or content 18ms
 ✓ src/views/knowledge/schema-wiki/ConceptFreeWiki830G2.spec.ts > G3 batch concept page modes > uses the pinned shared page session for Active evidence 8ms
 ✓ src/views/knowledge/schema-wiki/ConceptFreeWiki830G2.spec.ts > G3 batch concept page modes > rejects mixed preparation and release modes before reading either page 3ms
 ✓ src/api/schema-wiki/batchConcept830G3.spec.ts > G3 batch concept preparation parser > rejects scope, identity and read-hash drift and maps READY distinctly 1342ms
 ✓ src/api/schema-wiki/batchConcept830G3.spec.ts > G3 batch concept Active parser and mocked transports > parses exact Active snapshots without casting the G3 overview to G2 395ms
 ✓ src/api/schema-wiki/batchConcept830G3.spec.ts > G3 batch concept Active parser and mocked transports > uses preparation scope and immutable GET without current, and permits only the exact historical q-empty read 261ms
 ✓ src/api/schema-wiki/batchConcept830G3.spec.ts > G3 batch concept Active parser and mocked transports > pins Active current then exact search 229ms
 ✓ src/api/schema-wiki/batchConcept830G3.spec.ts > G3 batch concept Active parser and mocked transports > leaves an ordinary G2 current release independent of the G3 Catalog 2ms
 ✓ src/api/schema-wiki/batchConcept830G3.spec.ts > G3 batch concept Active parser and mocked transports > selects preparation members locally and reads Active pages through the pinned shared envelope 329ms
 ✓ src/api/schema-wiki/batchConcept830G3.spec.ts > G3 batch concept Active parser and mocked transports > accepts overview related members only in frozen manifest order 413ms

 Test Files  4 passed (4)
      Tests  25 passed (25)
   Start at  00:44:01
   Duration  9.46s (transform 6.13s, setup 0ms, import 11.42s, tests 9.42s, environment 7.32s)

