=== RUN   TestBatchConceptActivePage830G3ReopensWholePinnedBundle

2026/09/08 02:01:35 [31;1m/Users/houjing/Documents/LLM_wiki/insurancekb-weknora/.worktrees/830-g3-implementation/internal/application/repository/wiki_release.go:470 [35;1mrecord not found
[0m[33m[0.084ms] [34;1m[rows:0][0m SELECT * FROM `wiki_release_heads` WHERE tenant_id = 10003 AND space_id = "a8751a40-83ce-55c8-a160-079b283483ca" AND raw_kb_id = "b1f1764c-443d-46b8-98e3-d5aa5e55eb42" AND wiki_kb_id = "8d5695de-f255-42d5-9a41-042ba86e97b9" LIMIT 1

2026/09/08 02:01:39 [31;1m/Users/houjing/Documents/LLM_wiki/insurancekb-weknora/.worktrees/830-g3-implementation/internal/application/repository/wiki_release.go:608 [35;1mrecord not found
[0m[33m[0.087ms] [34;1m[rows:0][0m SELECT * FROM `wiki_release_receipts` WHERE space_id = "a8751a40-83ce-55c8-a160-079b283483ca" AND wiki_kb_id = "8d5695de-f255-42d5-9a41-042ba86e97b9" AND nonce = "batch-g3-active-page" LIMIT 1

2026/09/08 02:01:41 [31;1m/Users/houjing/Documents/LLM_wiki/insurancekb-weknora/.worktrees/830-g3-implementation/internal/application/repository/wiki_release.go:608 [35;1mrecord not found
[0m[33m[0.123ms] [34;1m[rows:0][0m SELECT * FROM `wiki_release_receipts` WHERE space_id = "a8751a40-83ce-55c8-a160-079b283483ca" AND wiki_kb_id = "8d5695de-f255-42d5-9a41-042ba86e97b9" AND nonce = "batch-g3-active-page" LIMIT 1
--- PASS: TestBatchConceptActivePage830G3ReopensWholePinnedBundle (29.11s)
=== RUN   TestBatchConceptActivation830G3RejectsStaleHeadWithoutReceipt

2026/09/08 02:02:04 [31;1m/Users/houjing/Documents/LLM_wiki/insurancekb-weknora/.worktrees/830-g3-implementation/internal/application/repository/wiki_release.go:470 [35;1mrecord not found
[0m[33m[0.171ms] [34;1m[rows:0][0m SELECT * FROM `wiki_release_heads` WHERE tenant_id = 10003 AND space_id = "a8751a40-83ce-55c8-a160-079b283483ca" AND raw_kb_id = "b1f1764c-443d-46b8-98e3-d5aa5e55eb42" AND wiki_kb_id = "8d5695de-f255-42d5-9a41-042ba86e97b9" LIMIT 1

2026/09/08 02:02:13 [31;1m/Users/houjing/Documents/LLM_wiki/insurancekb-weknora/.worktrees/830-g3-implementation/internal/application/repository/wiki_release.go:608 [35;1mrecord not found
[0m[33m[0.044ms] [34;1m[rows:0][0m SELECT * FROM `wiki_release_receipts` WHERE space_id = "a8751a40-83ce-55c8-a160-079b283483ca" AND wiki_kb_id = "8d5695de-f255-42d5-9a41-042ba86e97b9" AND nonce = "batch-g3-stale-head" LIMIT 1

2026/09/08 02:02:16 [31;1m/Users/houjing/Documents/LLM_wiki/insurancekb-weknora/.worktrees/830-g3-implementation/internal/application/repository/wiki_release.go:608 [35;1mrecord not found
[0m[33m[0.171ms] [34;1m[rows:0][0m SELECT * FROM `wiki_release_receipts` WHERE space_id = "a8751a40-83ce-55c8-a160-079b283483ca" AND wiki_kb_id = "8d5695de-f255-42d5-9a41-042ba86e97b9" AND nonce = "batch-g3-stale-head" LIMIT 1

2026/09/08 02:02:19 [31;1m/Users/houjing/Documents/LLM_wiki/insurancekb-weknora/.worktrees/830-g3-implementation/internal/application/repository/wiki_release.go:608 [35;1mrecord not found
[0m[33m[0.568ms] [34;1m[rows:0][0m SELECT * FROM `wiki_release_receipts` WHERE space_id = "a8751a40-83ce-55c8-a160-079b283483ca" AND wiki_kb_id = "8d5695de-f255-42d5-9a41-042ba86e97b9" AND nonce = "batch-g3-stale-head" LIMIT 1
--- PASS: TestBatchConceptActivation830G3RejectsStaleHeadWithoutReceipt (16.47s)
PASS
ok  	github.com/Tencent/WeKnora/internal/application/service	48.389s
