RED_SOURCE_SHA256=8560873c4af84079a5b4e3109452f03ecbd90d4006c1d5624ea2d0ddcbafcabe
RED stop_incomplete=missing
RED per_put_checkpoint=missing
RED pg_binding=missing
RED model_evidence_bound=missing
RED human_admin_me=missing
RED copy_tar_closed_manifest=missing
RED exact_docreader_allowlist=missing
RED secret_cleanup=missing
RED network_actual_shape=missing
READONLY_UNELEVATED_ACCESS_PATH_PROBE rc=1 stdout_empty=true stderr_literal=colima_not_running inference_about_vm_daemon=none
ACTUAL_PREFLIGHT_NOT_RERUN
ACTUAL_APPLY_NOT_RUN
NETWORK_CALLS=0
GREEN_AST_PASS
GREEN_FROZEN_EVIDENCE_PASS count=5
GREEN_INSPECT_PASS exact_network_not_found=true daemon_empty_permission_rejected=true
GREEN_PG_BINDING_PASS
GREEN_ENV_PASS crlfnul_rejected=true docreader_exact_allowlist=true
GREEN_COPY_TAR_PASS exact_members=2 extra_rejected_before_extract=true symlink_rejected=true
GREEN_FAKE_API_PASS calls=8 puts=2 human_admin_before_put=true kb_model_immediate_full_readback=true omitted_zero_fields=true
GREEN_FAKE_API_ROLE_REJECT_PASS puts=0
GREEN_FAKE_API_MODEL_DRIFT_REJECT_PASS custom_headers_preserved=true
GREEN_STOP_PASS per_container=4 reinspected=4 incomplete_detected=true
GREEN_SECRET_CLEANUP_PASS immediate_before_start=true exception_receipt=true
ACTUAL_PREFLIGHT_NOT_RERUN
ACTUAL_APPLY_NOT_RUN
PROVIDER_CALLS=0
NETWORK_CALLS=0
GREEN_SECRET_CLEANUP_VERIFY_PASS partial_first_stage_cleanup=true absence_verified=true
LIVE_NETWORK_ABSENCE_EVIDENCE=/private/tmp/g3-source-runtime-network-missing-actual-20260907.json
LIVE_NETWORK_ABSENCE_SHAPE rc=1 stdout=json_empty_array stderr_contains_exact_name_not_found=true daemon_reachable=true
FINAL_FREEZE_SCRIPT_SHA256=60bf4ae89838a3e3063113d7bf98f0a709578f0910e9f269bd416bbf6b2c3695
FINAL_FREEZE_NOTES_SHA256=7e37b34844212fbcc5fa6714c313b96c06673e29245e9ed19110f4e3b2cc07ba
FINAL_CHECK_01_PATH=/private/tmp/g3-source-runtime-provision-final-check.log
FINAL_CHECK_01_SHA256=160839bd95d7387c9ca87d3104fba14b1ae3b0cec1965329400548d79e5413f4
FINAL_CHECK_02_PATH=/private/tmp/g3-source-runtime-provision-final-check-02.log
FINAL_CHECK_02_SHA256=0b3e8d81460e7bf9ccd3cb9d5b50288ee393dbb2376a24f88a93b1441e7de8b0
LIVE_NETWORK_EVIDENCE_SHA256=2ef34bf6ac8ffaa7f98dda7d4d9d6c049ed62dbfe2aa03754cfb6c7c0386a705
FINAL_STATUS=DRAFT_FROZEN_NOT_EXECUTED_PENDING_ROOT_PREFLIGHT_AND_INDEPENDENT_REVIEW
