test_descriptor_double_read_manifest_and_parser_must_match (__main__.UploadRunnerTests) ... ok
test_exact_cloned_four_pass_readonly_scope (__main__.UploadRunnerTests) ... ok
test_existing_dedicated_egress_is_rejected_before_creation (__main__.UploadRunnerTests) ... ok
test_existing_descriptor_uses_frozen_legacy_identity (__main__.UploadRunnerTests) ... ok
test_failed_runtime_stops_both_before_inspecting_either (__main__.UploadRunnerTests) ... ok
test_frozen_local_inputs_are_exact_eleven_unique_sources (__main__.UploadRunnerTests) ... ok
test_guard_staging_copies_exact_thirteen_regular_files (__main__.UploadRunnerTests) ... ok
test_login_requires_active_tenant_admin_and_me_readback (__main__.UploadRunnerTests) ... ok
test_post_response_status_is_durable_and_never_retried (__main__.UploadRunnerTests) ... ok
test_provider_non200_ledger_stops_before_next_material (__main__.UploadRunnerTests) ... ok
test_runtime_teardown_noops_before_guard_or_network_exist (__main__.UploadRunnerTests) ... ok
test_scope_preflight_rejects_new_md5_before_any_write (__main__.UploadRunnerTests) ... ok
test_secret_file_must_be_private_single_line (__main__.UploadRunnerTests) ... ok
test_source_receipt_and_old_ids_are_exact (__main__.UploadRunnerTests) ... ok
test_started_persist_failure_prevents_post (__main__.UploadRunnerTests) ... ok
test_target_runtime_preflight_accepts_exact_provisioned_binding (__main__.UploadRunnerTests) ... ok
test_target_runtime_preflight_rejects_egress_already_attached (__main__.UploadRunnerTests) ... ok
test_teardown_failure_reports_stop_incomplete (__main__.UploadRunnerTests) ... ok
test_timeout_is_result_unknown_and_sequence_does_not_advance (__main__.UploadRunnerTests) ... ok
test_upload_sends_exact_process_config_and_accepts_go_readback_shape (__main__.UploadRunnerTests) ... ok
test_wrong_external_send_authorization_is_rejected (__main__.UploadRunnerTests) ... ok

----------------------------------------------------------------------
Ran 21 tests in 1.157s

OK
